// Jest Snapshot v1, https://goo.gl/fbAQLP

exports[`ChartWeather Component expect to render ChartWeather component 1`] = `
<WeatherProvider>
   
  <WeatherChart>
    <div
      className="weatherChart"
    >
      <div
        className="noteText"
        data-testid="showInfo"
      >
        <span
          className="tide-text"
        >
          Tide
        </span>
        <span
          className="text-secondary"
        >
           â€¢ 
        </span>
        <span
          className="text-warning"
        >
          Sunrise and Sunset
        </span>
        <div
          className="text-center text-muted"
        />
      </div>
      <ResponsiveContainer
        debounce={0}
        height="100%"
        width={2500}
      >
        <ResizeDetector
          handleHeight={true}
          handleWidth={true}
          onResize={[Function]}
          targetRef={
            Object {
              "current": <div
                class="recharts-responsive-container"
                style="width: 2500px; height: 100%;"
              />,
            }
          }
        >
          <div
            className="recharts-responsive-container"
            style={
              Object {
                "height": "100%",
                "maxHeight": undefined,
                "minHeight": undefined,
                "minWidth": undefined,
                "width": 2500,
              }
            }
          >
            <AreaChart
              barCategoryGap="10%"
              barGap={4}
              data={
                Array [
                  Object {
                    "tide": 2,
                  },
                  Object {
                    "tide": 2.8,
                  },
                  Object {
                    "tide": 2.5,
                  },
                  Object {
                    "tide": 2,
                  },
                  Object {
                    "tide": 1.5,
                  },
                  Object {
                    "tide": 1,
                  },
                  Object {
                    "tide": 0.7,
                  },
                  Object {
                    "tide": 1,
                  },
                  Object {
                    "tide": 1.5,
                  },
                  Object {
                    "tide": 3,
                  },
                  Object {
                    "tide": 5,
                  },
                  Object {
                    "tide": 4.1,
                  },
                  Object {
                    "tide": 2.2,
                  },
                  Object {
                    "tide": 2.8,
                  },
                  Object {
                    "tide": 2.5,
                  },
                  Object {
                    "tide": 2,
                  },
                  Object {
                    "tide": 1.5,
                  },
                  Object {
                    "tide": 0.8,
                  },
                  Object {
                    "tide": 0.1,
                  },
                  Object {
                    "tide": 1.2,
                  },
                  Object {
                    "tide": 2,
                  },
                  Object {
                    "tide": 2,
                  },
                  Object {
                    "tide": 2.5,
                  },
                  Object {
                    "tide": 3.1,
                  },
                  Object {
                    "tide": 3,
                  },
                  Object {
                    "tide": 4,
                  },
                  Object {
                    "tide": 3,
                  },
                  Object {
                    "tide": 2,
                  },
                  Object {
                    "tide": 1.5,
                  },
                  Object {
                    "tide": 1.2,
                  },
                  Object {
                    "tide": 0.7,
                  },
                  Object {
                    "tide": 1,
                  },
                  Object {
                    "tide": 1.5,
                  },
                  Object {
                    "tide": 2,
                  },
                  Object {
                    "tide": 2.5,
                  },
                  Object {
                    "tide": 2.8,
                  },
                  Object {
                    "tide": 2.9,
                  },
                  Object {
                    "tide": 2.8,
                  },
                  Object {
                    "tide": 2.5,
                  },
                  Object {
                    "tide": 2,
                  },
                  Object {
                    "tide": 1.5,
                  },
                  Object {
                    "tide": 1,
                  },
                  Object {
                    "tide": 0.7,
                  },
                  Object {
                    "tide": 1,
                  },
                  Object {
                    "tide": 1.5,
                  },
                  Object {
                    "tide": 2,
                  },
                  Object {
                    "tide": 2.5,
                  },
                  Object {
                    "tide": 2.8,
                  },
                ]
              }
              height={0}
              layout="horizontal"
              margin={
                Object {
                  "bottom": 0,
                  "left": 0,
                  "top": 0,
                }
              }
              reverseStackOrder={false}
              stackOffset="none"
              syncMethod="index"
              width={2500}
            />
          </div>
        </ResizeDetector>
      </ResponsiveContainer>
    </div>
  </WeatherChart>
   
</WeatherProvider>
`;
