// Jest Snapshot v1, https://goo.gl/fbAQLP

exports[`WeatherInfo Component test expect to render WeatherInfo component 1`] = `
Object {
  "asFragment": [Function],
  "baseElement": <body>
    <div>
      <div
        class="weatherInfo"
        role="weather-test"
      >
        <div
          class="weatherHeader"
          role="header"
        >
          <div
            class="menu-icon"
          >
            <i
              class="bi bi-list h1"
            />
          </div>
          <div
            class="get-location"
          >
            <div>
              myENV
            </div>
            <select
              class="custom-select-cities"
            >
              <option
                class="city"
                value="0"
              >
                Hồ Chí Minh
              </option>
              <option
                class="city"
                value="1"
              >
                Singapore
              </option>
              <option
                class="city"
                value="2"
              >
                Jerusalem
              </option>
              <option
                class="city"
                value="3"
              >
                California
              </option>
              <option
                class="city"
                value="4"
              >
                AlasKa
              </option>
            </select>
          </div>
          <div
            class="bell-icon"
          >
            <i
              class="bi bi-bell-fill h2"
            />
          </div>
        </div>
        <div
          class="weatherDetail"
        >
          <div
            class="cloudyInfo"
          >
            <div
              class="cloud-icon p-2 mb-4"
            >
              <i
                class="bi bi-cloud-minus"
              />
            </div>
            <div
              class="weatherData p-2"
            >
              <div
                class="h2"
              />
              <div
                class="d-flex h4 justify-content-between"
              >
                <div
                  class=""
                >
                  <i
                    class="bi bi-thermometer-half"
                  />
                   
                   °C
                </div>
                <div>
                  <i
                    class="bi bi-droplet"
                  />
                   
                   %
                </div>
              </div>
            </div>
          </div>
          <ul
            class="rainingInfo p-0"
          >
            <li>
              <h5>
                PSI
              </h5>
              <div
                class="feel_like"
              />
              <p>
                good
              </p>
            </li>
            <li>
              <h5>
                RAIN
              </h5>
              <div>
                0
              </div>
              <p>
                mm
              </p>
            </li>
            <li>
              <h5>
                DENGUE
              </h5>
              <div
                class="dengue"
              />
            </li>
            <li>
              <i
                class="bi bi-plus-circle h1 text-dark"
              />
              <p
                class="text-dark font-weight-bold h4"
              >
                add
              </p>
            </li>
          </ul>
        </div>
      </div>
    </div>
  </body>,
  "container": <div>
    <div
      class="weatherInfo"
      role="weather-test"
    >
      <div
        class="weatherHeader"
        role="header"
      >
        <div
          class="menu-icon"
        >
          <i
            class="bi bi-list h1"
          />
        </div>
        <div
          class="get-location"
        >
          <div>
            myENV
          </div>
          <select
            class="custom-select-cities"
          >
            <option
              class="city"
              value="0"
            >
              Hồ Chí Minh
            </option>
            <option
              class="city"
              value="1"
            >
              Singapore
            </option>
            <option
              class="city"
              value="2"
            >
              Jerusalem
            </option>
            <option
              class="city"
              value="3"
            >
              California
            </option>
            <option
              class="city"
              value="4"
            >
              AlasKa
            </option>
          </select>
        </div>
        <div
          class="bell-icon"
        >
          <i
            class="bi bi-bell-fill h2"
          />
        </div>
      </div>
      <div
        class="weatherDetail"
      >
        <div
          class="cloudyInfo"
        >
          <div
            class="cloud-icon p-2 mb-4"
          >
            <i
              class="bi bi-cloud-minus"
            />
          </div>
          <div
            class="weatherData p-2"
          >
            <div
              class="h2"
            />
            <div
              class="d-flex h4 justify-content-between"
            >
              <div
                class=""
              >
                <i
                  class="bi bi-thermometer-half"
                />
                 
                 °C
              </div>
              <div>
                <i
                  class="bi bi-droplet"
                />
                 
                 %
              </div>
            </div>
          </div>
        </div>
        <ul
          class="rainingInfo p-0"
        >
          <li>
            <h5>
              PSI
            </h5>
            <div
              class="feel_like"
            />
            <p>
              good
            </p>
          </li>
          <li>
            <h5>
              RAIN
            </h5>
            <div>
              0
            </div>
            <p>
              mm
            </p>
          </li>
          <li>
            <h5>
              DENGUE
            </h5>
            <div
              class="dengue"
            />
          </li>
          <li>
            <i
              class="bi bi-plus-circle h1 text-dark"
            />
            <p
              class="text-dark font-weight-bold h4"
            >
              add
            </p>
          </li>
        </ul>
      </div>
    </div>
  </div>,
  "debug": [Function],
  "findAllByAltText": [Function],
  "findAllByDisplayValue": [Function],
  "findAllByLabelText": [Function],
  "findAllByPlaceholderText": [Function],
  "findAllByRole": [Function],
  "findAllByTestId": [Function],
  "findAllByText": [Function],
  "findAllByTitle": [Function],
  "findByAltText": [Function],
  "findByDisplayValue": [Function],
  "findByLabelText": [Function],
  "findByPlaceholderText": [Function],
  "findByRole": [Function],
  "findByTestId": [Function],
  "findByText": [Function],
  "findByTitle": [Function],
  "getAllByAltText": [Function],
  "getAllByDisplayValue": [Function],
  "getAllByLabelText": [Function],
  "getAllByPlaceholderText": [Function],
  "getAllByRole": [Function],
  "getAllByTestId": [Function],
  "getAllByText": [Function],
  "getAllByTitle": [Function],
  "getByAltText": [Function],
  "getByDisplayValue": [Function],
  "getByLabelText": [Function],
  "getByPlaceholderText": [Function],
  "getByRole": [Function],
  "getByTestId": [Function],
  "getByText": [Function],
  "getByTitle": [Function],
  "queryAllByAltText": [Function],
  "queryAllByDisplayValue": [Function],
  "queryAllByLabelText": [Function],
  "queryAllByPlaceholderText": [Function],
  "queryAllByRole": [Function],
  "queryAllByTestId": [Function],
  "queryAllByText": [Function],
  "queryAllByTitle": [Function],
  "queryByAltText": [Function],
  "queryByDisplayValue": [Function],
  "queryByLabelText": [Function],
  "queryByPlaceholderText": [Function],
  "queryByRole": [Function],
  "queryByTestId": [Function],
  "queryByText": [Function],
  "queryByTitle": [Function],
  "rerender": [Function],
  "unmount": [Function],
}
`;
